// Jest Snapshot v1, https://goo.gl/fbAQLP

exports[`CSV and CLI Tests CLI basic functionality should print usage information given the help flag 1`] = `
"

Usage: integration-tests/node_modules/.bin/csvparserorder [options]
Convert commercetools order CSV data to JSON.

Options:
  --help, -h        Show help text.                                    [boolean]
  --version, -v     Show version number.                               [boolean]
  --type, -t        Predefined type of csv.
               [required] [choices: \\"lineitemstate\\", \\"returninfo\\", \\"deliveries\\"]
  --inputFile, -i   Path to input CSV file.                   [default: \\"stdin\\"]
  --outputFile, -o  Path to output JSON file.                [default: \\"stdout\\"]
  --batchSize, -b   Number of CSV rows to handle simultaneously.  [default: 100]
  --delimiter, -d   Used CSV delimiter.                           [default: \\",\\"]
  --strictMode, -s  Parse CSV strictly.                          [default: true]
  --logLevel, -l    Logging level: error, warn, info or verbose.
                                                               [default: \\"info\\"]
  --logFile         Path to file where to save logs.
                                                 [default: \\"csvparserorder.log\\"]

"
`;

exports[`CSV and CLI Tests CLI basic functionality should write output to file 1`] = `
Array [
  Object {
    "orderNumber": "123",
    "returnInfo": Array [
      Object {
        "_returnId": "1",
        "items": Array [
          Object {
            "comment": "yeah",
            "lineItemId": "12ae",
            "quantity": 4,
            "shipmentState": "Returned",
          },
          Object {
            "comment": "yeah",
            "lineItemId": "12ae",
            "quantity": 4,
            "shipmentState": "Returned",
          },
        ],
        "returnDate": "2016-11-01T08:01:19+0000",
        "returnTrackingId": "aefa34fe",
      },
      Object {
        "_returnId": "2",
        "items": Array [
          Object {
            "comment": "yeah",
            "lineItemId": "12ae",
            "quantity": 4,
            "shipmentState": "Unusable",
          },
        ],
        "returnDate": "2016-11-01T08:01:19+0000",
        "returnTrackingId": "aefa34fe",
      },
    ],
  },
  Object {
    "orderNumber": "124",
    "returnInfo": Array [
      Object {
        "_returnId": "2",
        "items": Array [
          Object {
            "comment": "yeah",
            "lineItemId": "12ae",
            "quantity": 4,
            "shipmentState": "Unusable",
          },
        ],
        "returnDate": "2016-11-01T08:01:19+0000",
        "returnTrackingId": "aefa34fe",
      },
    ],
  },
]
`;

exports[`CSV and CLI Tests parses CSV to JSON CLI accepts deliveries csv type 1`] = `
"Command failed: ./integration-tests/node_modules/.bin/csvparserorder -i packages/csv-parser-orders/test/data/faulty-sample.csv --logLevel verbose -t returninfo
ERR: Row length does not match headers"
`;

exports[`CSV and CLI Tests parses CSV to JSON CLI accepts deliveries csv type 2`] = `
Array [
  "[{\\"orderNumber\\":\\"222\\",\\"shippingInfo\\":{\\"deliveries\\":[{\\"id\\":\\"1\\",\\"items\\":[{\\"id\\":\\"1\\",\\"quantity\\":100}]}]}}]",
  "",
]
`;

exports[`CSV and CLI Tests parses CSV to JSON CLI should log to file when using stdout for data output 1`] = `
"info Starting Deliveries CSV conversion
"
`;
